<html>
<body>
<pre>
<h1>µVision Build Log</h1>
<h2>Tool Versions:</h2>
IDE-Version: µVision V5.33.0.0
Copyright (C) 2020 ARM Ltd and ARM Germany GmbH. All rights reserved.
License Information: Hrach Makaryan, PUL, LIC=NHYHL-04URS-ZE2H2-9DCYA-E9BMK-08GB1
 
Tool Versions:
Toolchain:       MDK-ARM Professional  Version: 5.33.0.0
Toolchain Path:  C:\Keil_v5\ARM\ARMCC\Bin
C Compiler:      Armcc.exe V5.06 update 7 (build 960)
Assembler:       Armasm.exe V5.06 update 7 (build 960)
Linker/Locator:  ArmLink.exe V5.06 update 7 (build 960)
Library Manager: ArmAr.exe V5.06 update 7 (build 960)
Hex Converter:   FromElf.exe V5.06 update 7 (build 960)
CPU DLL:         SARMCM3.DLL V5.33.0.0
Dialog DLL:      DCM.DLL V1.17.3.0
Target DLL:      STLink\ST-LINKIII-KEIL_SWO.dll V3.0.8.0
Dialog DLL:      TCM.DLL V1.48.0.0
 
<h2>Project:</h2>
D:\GitHub\Solder_temperature_controller\STC\MDK-ARM\STC.uvprojx
Project File Date:  03/14/2021

<h2>Output:</h2>
*** Using Compiler 'V5.06 update 7 (build 960)', folder: 'C:\Keil_v5\ARM\ARMCC\Bin'
Build target 'STC'
compiling main.c...
linking...
Program Size: Code=5576 RO-data=292 RW-data=24 ZI-data=1248  
FromELF: creating hex file...
"STC\STC_1.axf" - 0 Error(s), 0 Warning(s).

<h2>Software Packages used:</h2>

Package Vendor: ARM
                http://www.keil.com/pack/ARM.CMSIS.5.7.0.pack
                ARM.CMSIS.5.7.0
                CMSIS (Cortex Microcontroller Software Interface Standard)
   * Component: CORE Version: 5.4.0
   * Component: DSP Variant: Source Version: 1.8.0

Package Vendor: Keil
                http://www.keil.com/pack/Keil.STM32F1xx_DFP.2.3.0.pack
                Keil.STM32F1xx_DFP.2.3.0
                STMicroelectronics STM32F1 Series Device Support, Drivers and Examples

<h2>Collection of Component include folders:</h2>
  .\RTE\_STC
  C:\Users\hrach\AppData\Local\Arm\Packs\ARM\CMSIS\5.7.0\CMSIS\Core\Include
  C:\Users\hrach\AppData\Local\Arm\Packs\ARM\CMSIS\5.7.0\CMSIS\DSP\Include
  C:\Users\hrach\AppData\Local\Arm\Packs\ARM\CMSIS\5.7.0\CMSIS\DSP\PrivateInclude
  C:\Users\hrach\AppData\Local\Arm\Packs\Keil\STM32F1xx_DFP\2.3.0\Device\Include

<h2>Collection of Component Files used:</h2>

   * Component: ARM::CMSIS:CORE:5.4.0
      Include file:  CMSIS\Core\Include\tz_context.h

   * Component: ARM::CMSIS:DSP:Source:1.8.0
      Include file:  CMSIS\DSP\Include\arm_math.h
      Source file:   CMSIS\DSP\Source\BasicMathFunctions\BasicMathFunctions.c
      Source file:   CMSIS\DSP\Source\BayesFunctions\BayesFunctions.c
      Source file:   CMSIS\DSP\Source\FilteringFunctions\FilteringFunctions.c
      Source file:   CMSIS\DSP\Source\MatrixFunctions\MatrixFunctions.c
      Source file:   CMSIS\DSP\Source\ControllerFunctions\ControllerFunctions.c
      Source file:   CMSIS\DSP\Source\DistanceFunctions\DistanceFunctions.c
      Source file:   CMSIS\DSP\Source\CommonTables\CommonTables.c
      Source file:   CMSIS\DSP\Source\StatisticsFunctions\StatisticsFunctions.c
      Source file:   CMSIS\DSP\Source\FastMathFunctions\FastMathFunctions.c
      Source file:   CMSIS\DSP\Source\TransformFunctions\TransformFunctions.c
      Source file:   CMSIS\DSP\Source\ComplexMathFunctions\ComplexMathFunctions.c
      Source file:   CMSIS\DSP\Source\SupportFunctions\SupportFunctions.c
      Source file:   CMSIS\DSP\Source\SVMFunctions\SVMFunctions.c
Build Time Elapsed:  00:00:03
</pre>
</body>
</html>
